2026-02-18 16:49:59 - thyroid_app - INFO - load_model:31 - Loading model from Hugging Face...
2026-02-18 16:50:01 - thyroid_app - INFO - load_model:38 - Model loaded successfully
16:57:03 - INFO - app - Starting Thyroid Cancer Detection API...
16:57:08 - INFO - routes - Loading model from Hugging Face...
16:57:10 - INFO - routes - Model loaded successfully
17:01:01 - INFO - streamlit_app - Loading model for Streamlit...
17:01:03 - INFO - streamlit_app - Streamlit model loaded successfully
17:01:50 - INFO - streamlit_app - Image uploaded in Streamlit: 571906608_18405720310186194_3563563807102114206_n.jpg (1080×1080) - Google Chrome 11_23_2025 3_03_54 PM.png
17:01:50 - INFO - processing - Preprocessing image of size: (1920, 1078) and mode: RGBA
17:01:52 - INFO - report_generator - Generating DOCX report for label: Benign (Non-Cancerous)
17:03:33 - INFO - streamlit_app - Loading model for Streamlit...
17:03:35 - INFO - streamlit_app - Streamlit model loaded successfully
17:03:42 - INFO - streamlit_app - Image uploaded in Streamlit: 571906608_18405720310186194_3563563807102114206_n.jpg (1080×1080) - Google Chrome 11_23_2025 3_03_54 PM.png
17:03:42 - INFO - processing - Preprocessing image of size: (1920, 1078) and mode: RGBA
17:03:43 - INFO - report_generator - Generating DOCX report for label: Benign (Non-Cancerous)
17:49:36 - INFO - streamlit_app - Loading model for Streamlit...
17:49:38 - INFO - streamlit_app - Streamlit model loaded successfully
17:51:13 - INFO - streamlit_app - Image uploaded in Streamlit: 0 non cancer.jpg
17:51:13 - INFO - processing - Preprocessing image of size: (279, 268) and mode: L
17:51:14 - INFO - report_generator - Generating DOCX report for label: Benign (Non-Cancerous)
17:51:26 - INFO - streamlit_app - Image uploaded in Streamlit: 0 non cancer.jpg
17:51:26 - INFO - processing - Preprocessing image of size: (279, 268) and mode: L
17:51:26 - INFO - report_generator - Generating DOCX report for label: Benign (Non-Cancerous)
18:02:11 - INFO - app - Starting Thyroid Cancer Detection API...
18:02:17 - INFO - routes - Loading model from Hugging Face...
18:02:19 - INFO - routes - Model loaded successfully
18:03:13 - INFO - routes - Analyze request received for file: 1 cancer.jpg
18:03:13 - INFO - processing - Preprocessing image of size: (480, 352) and mode: L
18:03:39 - INFO - routes - Report request received for file: 1 cancer.jpg
18:03:39 - INFO - processing - Preprocessing image of size: (480, 352) and mode: L
18:03:39 - INFO - report_generator - Generating DOCX report for label: Malignant (Cancerous)
18:34:47 - INFO - app - Starting Thyroid Cancer Detection API...
18:34:52 - INFO - routes - Loading model from Hugging Face...
18:34:54 - INFO - streamlit_app - Loading model for Streamlit...
18:34:55 - INFO - routes - Model loaded successfully
18:34:56 - INFO - streamlit_app - Streamlit model loaded successfully
18:39:36 - INFO - routes - Analyze request received for file: 0 non cancer.jpg
18:39:36 - INFO - processing - Preprocessing image of size: (279, 268) and mode: L
18:39:54 - INFO - routes - Report request received for file: 0 non cancer.jpg
18:39:54 - INFO - processing - Preprocessing image of size: (279, 268) and mode: L
18:39:54 - INFO - report_generator - Generating DOCX report for label: Benign (Non-Cancerous)
18:40:23 - INFO - streamlit_app - Image uploaded in Streamlit: 1 cancer.jpg
18:40:23 - INFO - processing - Preprocessing image of size: (480, 352) and mode: L
18:40:24 - INFO - report_generator - Generating DOCX report for label: Malignant (Cancerous)
20:09:03 - INFO - app - Starting Thyroid Cancer Detection API...
20:09:09 - INFO - routes - Loading model from Hugging Face...
20:09:12 - INFO - routes - Model loaded successfully
20:14:29 - INFO - routes - Analyze request received for file: Gemini_Generated_Image_cyltfqcyltfqcylt.png
20:14:29 - INFO - processing - Preprocessing image of size: (744, 755) and mode: RGBA
20:15:10 - INFO - routes - Analyze request received for file: 1 cancer.jpg
20:15:10 - INFO - processing - Preprocessing image of size: (480, 352) and mode: L
20:17:04 - INFO - routes - Loading model from Hugging Face...
20:17:06 - INFO - routes - Model loaded successfully
20:17:32 - INFO - routes - Report request received for file: 1 cancer.jpg
20:17:32 - INFO - processing - Preprocessing image of size: (480, 352) and mode: L
20:17:33 - INFO - report_generator - Generating enhanced medical report for: Malignant (Cancerous)
03:03:09 - INFO - app - Starting Thyroid Cancer Detection API...
03:03:13 - INFO - routes - Loading model from Hugging Face...
03:03:26 - INFO - routes - Model loaded successfully
03:15:14 - INFO - app - Starting Thyroid Cancer Detection API...
03:15:20 - INFO - routes - Loading model from Hugging Face...
03:15:26 - INFO - routes - Model loaded successfully
03:15:58 - INFO - routes - Analyze request received for file: 1 cancer.jpg
03:15:58 - INFO - processing - Preprocessing image of size: (480, 352) and mode: L
03:16:00 - WARNING - routes - Grad-CAM generation failed: module 'matplotlib.cm' has no attribute 'get_cmap'
03:16:11 - INFO - routes - Report request received for file: 1 cancer.jpg
03:16:11 - INFO - processing - Preprocessing image of size: (480, 352) and mode: L
03:16:12 - INFO - report_generator - Generating enhanced medical report for: Malignant (Cancerous)
02:21:18 - INFO - app - Starting Thyroid Cancer Detection API...
02:21:26 - INFO - routes - Loading model from Hugging Face...
02:21:30 - INFO - routes - Model loaded successfully
02:37:33 - INFO - routes - Analyze request received for file: 1 cancer.jpg
02:37:34 - INFO - processing - Preprocessing image of size: (480, 352) and mode: L
02:37:35 - WARNING - routes - Grad-CAM generation failed: module 'matplotlib.cm' has no attribute 'get_cmap'
02:37:52 - INFO - routes - Analyze request received for file: 1 cancer.jpg
02:37:52 - INFO - processing - Preprocessing image of size: (480, 352) and mode: L
02:37:53 - WARNING - routes - Grad-CAM generation failed: module 'matplotlib.cm' has no attribute 'get_cmap'
02:04:41 - INFO - app - Starting Thyroid Cancer Detection API...
02:04:49 - INFO - routes - Loading model from Hugging Face...
02:04:57 - INFO - routes - Model loaded successfully
17:42:52 - INFO - app - Starting Thyroid Cancer Detection API...
17:43:01 - INFO - routes - Loading model from Hugging Face...
17:43:10 - INFO - routes - Model loaded successfully
17:43:59 - INFO - routes - Analyze request received for file: 1 cancer.jpg
17:43:59 - INFO - processing - Preprocessing image of size: (480, 352) and mode: L
17:44:01 - WARNING - routes - Grad-CAM generation failed: module 'matplotlib.cm' has no attribute 'get_cmap'
01:13:27 - INFO - app - Starting Thyroid Cancer Detection API...
01:13:31 - INFO - routes - Loading model from Hugging Face...
01:13:37 - INFO - routes - Model loaded successfully
01:43:25 - INFO - app - Starting Thyroid Cancer Detection API...
01:43:29 - INFO - routes - Loading model from Hugging Face...
01:43:30 - INFO - routes - Model loaded successfully
01:43:47 - INFO - routes - Analyze request received for file: 1 cancer.jpg
01:43:47 - INFO - processing - Preprocessing image of size: (480, 352) and mode: L
01:43:47 - ERROR - routes - Grad-CAM generation failed: list indices must be integers or slices, not tuple
Traceback (most recent call last):
  File "D:\ENGINEER\CancerDetection\RESOURCES\CODE SRC\backend\routes.py", line 96, in analyze
    heatmap = make_gradcam_heatmap(processed_img, MODEL, last_conv)
              ^^^^^^^^^^^^^^^^^^^^^^^^^^^^^^^^^^^^^^^^^^^^^^^^^^^^^
  File "D:\ENGINEER\CancerDetection\RESOURCES\CODE SRC\utils\gradcam.py", line 46, in make_gradcam_heatmap
    class_channel = preds[:, pred_index]  # shape (1,)
                    ~~~~~^^^^^^^^^^^^^^^
TypeError: list indices must be integers or slices, not tuple

01:47:11 - INFO - routes - Loading model from Hugging Face...
01:47:12 - INFO - routes - Model loaded successfully
01:47:46 - INFO - routes - Loading model from Hugging Face...
01:47:47 - INFO - routes - Model loaded successfully
01:47:57 - INFO - processing - Preprocessing image of size: (480, 352) and mode: L
01:48:50 - INFO - routes - Analyze request received for file: 0 non cancer.jpg
01:48:50 - INFO - processing - Preprocessing image of size: (279, 268) and mode: L
01:48:51 - INFO - routes - Grad-CAM generated successfully using layer: depthwise_separable_conv_1
01:49:02 - INFO - routes - Analyze request received for file: 1 cancer.jpg
01:49:02 - INFO - processing - Preprocessing image of size: (480, 352) and mode: L
01:49:02 - INFO - routes - Grad-CAM generated successfully using layer: depthwise_separable_conv_1
01:49:46 - INFO - routes - Analyze request received for file: 1 cancer.jpg
01:49:46 - INFO - processing - Preprocessing image of size: (480, 352) and mode: L
01:49:47 - INFO - routes - Grad-CAM generated successfully using layer: depthwise_separable_conv_1

15:41:45 - INFO - app - Starting Thyroid Cancer Detection API...
15:41:49 - INFO - routes - Loading model from Hugging Face...
15:41:50 - INFO - routes - Model loaded successfully
15:42:02 - INFO - routes - Analyze request received for file: 1 cancer.jpg
15:42:02 - INFO - processing - Preprocessing image of size: (480, 352) and mode: L
15:42:04 - INFO - routes - Grad-CAM generated successfully using layer: depthwise_separable_conv_1
15:42:04 - INFO - routes - Image quality: GOOD (0.93)
15:42:04 - INFO - routes - Model certainty: MODERATE (0.52)
15:42:04 - INFO - routes - AI reliability: 69/100 (MODERATE)
15:42:13 - INFO - routes - Report request received for file: 1 cancer.jpg
15:42:13 - INFO - processing - Preprocessing image of size: (480, 352) and mode: L
15:42:13 - INFO - routes - Image quality: GOOD (0.93)
15:42:13 - INFO - routes - Model certainty: MODERATE (0.52)
15:42:13 - INFO - routes - AI reliability: 68/100 (MODERATE)
15:42:14 - INFO - routes - Grad-CAM for report generated using layer: depthwise_separable_conv_1
15:42:14 - INFO - report_generator - Generating enhanced medical report for: Malignant
